[Licensing::Module] Trying to connect to existing licensing client channel...
Built from '6000.5/staging' branch; Version is '6000.5.10f1 (3bd4f66ad299) revision 3921142'; Using compiler version '194234433'; Build Type 'Release'
[Licensing::IpcConnector] Successfully connected to: "LicenseClient-Keven" at "2026-09-01T20:58:42.9063422Z"
OS: 'Windows 10  (10.0.19045) 64bit Professional' Language: 'pt' Physical Memory: 10101 MB
BatchMode: 1, IsHumanControllingUs: 0, StartBugReporterOnCrash: 0, Is64bit: 1
System  architecture: x64
Process architecture: x64
Date: 2026-09-01T20:58:42Z

COMMAND LINE ARGUMENTS:
C:\Program Files\Unity\Hub\Editor\6000.5.10f1\Editor\Unity.exe
-adb2
-batchMode
-noUpm
-name
AssetImportWorkerHW2
-projectPath
C:/Users/Keven/My project
-logFile
Logs/AssetImportWorkerHW2.log
-srvPort
50988
-parentPid
13936
-analyticsCloudUserId
4673641053496
-analyticsCloudProjectId
f2c00382-0b97-489b-8784-dfb113b40c20
-analyticsLocalProjectId
2ec4e3ea1a9f83d4e997795f8d2df655
-editorAnalyticsEnabled
1
-cbmEditorLicense
8f62d3ca0a249b64dfd029593933d5a7bac38c8c
-cbmMachineId
1kJ9veuQa1zzCPIH9WfdC5Jn704=
-licensingIpc
LicenseClient-Keven
-noDiagnosticSwitchPersistentStore
-job-worker-count
5
-background-job-worker-count
8
-asset-garbage-collectors
1
-force-d3d12
-name
AssetImport
Successfully changed project path to: C:/Users/Keven/My project
C:/Users/Keven/My project
[UnityMemory] Configuration Parameters - Can be set up in boot.config
    "memorysetup-temp-allocator-size-gi-baking-worker=262144"
    "memorysetup-temp-allocator-size-gi-baking-worker=262144"
    "memorysetup-temp-allocator-size-gi-baking-worker=262144"
    "memorysetup-temp-allocator-size-gi-baking-worker=262144"
    "memorysetup-temp-allocator-size-gi-baking-worker=262144"
    "memorysetup-temp-allocator-size-nav-mesh-worker=65536"
    "memorysetup-temp-allocator-size-audio-worker=65536"
    "memorysetup-temp-allocator-size-cloud-worker=32768"
    "memorysetup-temp-allocator-size-gfx=262144"
    "memorysetup-remapper-allocator-initial-capacity=32768"
    "memorysetup-temp-allocator-size-preload-manager=33554432"
    "memorysetup-allocator-temp-initial-block-size-main=262144"
    "memorysetup-allocator-temp-initial-block-size-worker=262144"
    "memorysetup-temp-allocator-size-job-worker=262144"
    "memorysetup-temp-allocator-size-background-worker=32768"
    "memorysetup-bucket-allocator-granularity=16"
    "memorysetup-bucket-allocator-bucket-count=8"
    "memorysetup-bucket-allocator-block-size=33554432"
    "memorysetup-bucket-allocator-block-count=8"
    "memorysetup-main-allocator-block-size=16777216"
    "memorysetup-thread-allocator-block-size=16777216"
    "memorysetup-main-allocator-mimalloc-enabled=0"
    "memorysetup-gfx-main-allocator-block-size=16777216"
    "memorysetup-gfx-thread-allocator-block-size=16777216"
    "memorysetup-cache-allocator-block-size=4194304"
    "memorysetup-typetree-allocator-block-size=2097152"
    "memorysetup-profiler-bucket-allocator-granularity=16"
    "memorysetup-profiler-bucket-allocator-bucket-count=8"
    "memorysetup-profiler-bucket-allocator-block-size=33554432"
    "memorysetup-profiler-bucket-allocator-block-count=8"
    "memorysetup-profiler-allocator-block-size=16777216"
    "memorysetup-profiler-editor-allocator-block-size=1048576"
    "memorysetup-temp-allocator-size-main=16777216"
    "memorysetup-job-temp-allocator-block-size=2097152"
    "memorysetup-job-temp-allocator-block-size-background=1048576"
    "memorysetup-job-temp-allocator-reduction-small-platforms=262144"
Player connection [14792]  Target information:

Player connection [14792]  * "[IP] 192.168.56.1 [Port] 0 [Flags] 2 [Guid] 4159793025 [EditorId] 4159793025 [Version] 1048832 [Id] WindowsEditor(7,DESKTOP-RH39JDJ) [Debug] 1 [PackageName] WindowsEditor [ProjectName] Editor" 

Player connection [14792]  * "[IP] 192.168.0.106 [Port] 0 [Flags] 2 [Guid] 4159793025 [EditorId] 4159793025 [Version] 1048832 [Id] WindowsEditor(7,DESKTOP-RH39JDJ) [Debug] 1 [PackageName] WindowsEditor [ProjectName] Editor" 

Player connection [14792] Host joined multi-casting on [225.0.0.222:54997]...
Player connection [14792] Host joined alternative multi-casting on [225.0.0.222:34997]...
JobSystem: Creating JobQueue using job-worker-count value 5
Input System module state changed to: Initialized.
[Physics::Module] Initialized fallback backend.
[Physics::Module] Id: 0xdecafbad
Library Redirect Path: Library/
[Physics::Module] Selected backend.
[Physics::Module] Name: PhysX
[Physics::Module] Id: 0xf2b8ea05
[Physics::Module] SDK Version: 4.1.2
[Physics::Module] Integration Version: 1.0.0
[Physics::Module] Threading Mode: Multi-Threaded
Refreshing native plugins compatible for Editor in 10.54 ms, found 5 plugins.
Preloading 1 native plugins for Editor in 4.42 ms.
Initialize engine version: 6000.5.10f1 (3bd4f66ad299)
[Subsystems] Discovering subsystems at path C:/Program Files/Unity/Hub/Editor/6000.5.10f1/Editor/Data/Resources/UnitySubsystems
[Subsystems] Discovering subsystems at path C:/Users/Keven/My project/Assets
Forcing GfxDevice: Direct3D 12
GfxDevice: creating device client; kGfxThreadingModeNonThreaded
d3d12: failed to query info queue interface (0x80004002).
Direct3D:
    Version:         Direct3D 12 [level 12.1]
    Renderer:        AMD Radeon(TM) Graphics (ID=0x164c)
    Vendor:          ATI
    VRAM:            5050 MB
    App VRAM Budget: 6472 MB
    Driver:          31.0.21925.1001
    Unified Memory Architecture
Initialize mono
Mono path[0] = 'C:/Program Files/Unity/Hub/Editor/6000.5.10f1/Editor/Data/Managed'
Mono path[1] = 'C:/Program Files/Unity/Hub/Editor/6000.5.10f1/Editor/Data/BCLExtensions/runtime/netstandard2.1'
Mono path[2] = 'C:/Program Files/Unity/Hub/Editor/6000.5.10f1/Editor/Data/MonoBleedingEdge/lib/mono/unityjit-win32'
Mono config path = 'C:/Program Files/Unity/Hub/Editor/6000.5.10f1/Editor/Data/MonoBleedingEdge/etc'
Using monoOptions --debugger-agent=transport=dt_socket,embedding=1,server=y,suspend=n,address=127.0.0.1:56020
CodeReloadManager initialized
[Licensing::Client] Error: HandshakeResponse reported an error:
	ResponseCode: 505
	ResponseStatus: Unsupported protocol version '1.18.3'.
[Licensing::Module] Error: Failed to handshake to channel: "LicenseClient-Keven"
[Licensing::IpcConnector] LicenseClient-Keven channel disconnected successfully.
[Licensing::IpcConnector] Successfully connected to: "LicenseClient-Keven-6000.5.10" at "2026-09-01T20:58:44.6247838Z"
[Licensing::Client] Code 10 while verifying Licensing Client signature (process Id: 2432, path: "C:/Program Files/Unity/Hub/Editor/6000.5.10f1/Editor/Data/Resources/Licensing/Client/Unity.Licensing.Client.exe")
[Licensing::Module] LicensingClient has failed validation; ignoring
[Licensing::Client] Handshaking with LicensingClient:
  Version:                 1.18.3+d7ffd15
  Session Id:              7701a765e6394872b1fd41136285db38
  Correlation Id:          c012634963d9ab3899c02909cee031fd
  External correlation Id: 1275198958138498477
  Machine Id:              1kJ9veuQa1zzCPIH9WfdC5Jn704=
[Licensing::Module] Successfully connected to LicensingClient on channel: "LicenseClient-Keven-6000.5.10" (connect: 0.00s, validation: 0.08s, handshake: 0.01s)
[Licensing::IpcConnector] Successfully connected to: "LicenseClient-Keven-6000.5.10-notifications" at "2026-09-01T20:58:44.713858Z"
[Licensing::Module] Licensing Background thread has ended after 1.81s
Begin MonoManager ReloadAssembly
Registering precompiled unity dll's ...
Register platform support module: C:/Program Files/Unity/Hub/Editor/6000.5.10f1/Editor/Data/PlaybackEngines/WebGLSupport/UnityEditor.WebGL.Extensions.dll
Register platform support module: C:/Program Files/Unity/Hub/Editor/6000.5.10f1/Editor/Data/PlaybackEngines/WindowsStandaloneSupport/UnityEditor.WindowsStandalone.Extensions.dll
Registered in 0.008672 seconds.
Native extension for WindowsStandalone target not found
Native extension for WebGL target not found
Package Manager log level set to [2]
[Package Manager] Failed to launch server process. Reason: Unity was launched with the -noUpm command-line argument
[Package Manager] Unable to send message (not connected to server process).
[Package Manager] Cannot connect to Unity Package Manager local server
ScheduleIndexationOnStartup MainProcess:False IndexOnStartup:True
Mono: successfully reloaded assembly
- Finished resetting the current domain, in  1.807 seconds
Domain Reload Profiling: 3152ms
	BeginReloadAssembly (332ms)
	RebuildCommonClasses (14ms)
	RebuildNativeTypeToScriptingClass (40ms)
	initialDomainReloadingComplete (191ms)
	LoadAllAssembliesAndSetupDomain (765ms)
		LoadAssemblies (322ms)
		AnalyzeDomain (557ms)
			TypeCache.Refresh (553ms)
				TypeCache.ScanAssembly (484ms)
	FinalizeReload (1809ms)
		SetupLoadedEditorAssemblies (0ms)
			InitializePlatformSupportModulesInManaged (8ms)
			BeforeProcessingInitializeOnLoad (291ms)
			ProcessInitializeOnLoadAttributes (309ms)
			ProcessInitializeOnLoadMethodAttributes (994ms)
Initializing Unity extensions:
[Licensing::Client] Successfully resolved entitlement details
[Licensing::Module] License group:
  Id: 4673641053496-UnityPersXXXX
  Product: Unity Personal
  Type: Assigned
  Expiration: Unlimited
========================================================================
Worker process is ready to serve import requests
Import Worker Mode flag is 0x00
Begin MonoManager ReloadAssembly
Symbol file LoadedFromMemory is not a mono symbol file
Symbol file LoadedFromMemory is not a mono symbol file
Refreshing native plugins compatible for Editor in 17.31 ms, found 5 plugins.
Native extension for WindowsStandalone target not found
Native extension for WebGL target not found
[Package Manager] Failed to launch server process. Reason: Unity was launched with the -noUpm command-line argument
[Package Manager] Unable to send message (not connected to server process).
[Package Manager] Cannot connect to Unity Package Manager local server
Refreshing native plugins compatible for Editor in 4.74 ms, found 5 plugins.
[Package Manager] Failed to launch server process. Reason: Unity was launched with the -noUpm command-line argument
[Package Manager] Unable to send message (not connected to server process).
[Package Manager] Cannot connect to Unity Package Manager local server
[Licensing::Client] Error: Code 404 while processing request (status: Found 0 entitlement groups and 0 free entitlements matching requested entitlement ids)
ScheduleIndexationOnStartup MainProcess:False IndexOnStartup:True
Mono: successfully reloaded assembly
- Finished resetting the current domain, in  3.516 seconds
Domain Reload Profiling: 7220ms
	BeginReloadAssembly (576ms)
		DisableScriptedObjects (16ms)
		CreateAndSetChildDomain (120ms)
	RebuildCommonClasses (17ms)
	RebuildNativeTypeToScriptingClass (31ms)
	initialDomainReloadingComplete (274ms)
	LoadAllAssembliesAndSetupDomain (2805ms)
		LoadAssemblies (1493ms)
		AnalyzeDomain (1296ms)
			TypeCache.Refresh (982ms)
				TypeCache.ScanAssembly (922ms)
			BuildScriptInfoCaches (298ms)
			ResolveRequiredComponents (12ms)
	FinalizeReload (3517ms)
		SetupLoadedEditorAssemblies (0ms)
			InitializePlatformSupportModulesInManaged (4ms)
			BeforeProcessingInitializeOnLoad (256ms)
			ProcessInitializeOnLoadAttributes (1919ms)
			ProcessInitializeOnLoadMethodAttributes (521ms)
			AfterProcessingInitializeOnLoad (12ms)
		AwakeInstancesAfterBackupRestoration (11ms)
AcceleratorClientConnectionCallback - disconnected - :0
Launched and connected shader compiler UnityShaderCompiler.exe after 0.03 seconds
Refreshing native plugins compatible for Editor in 4.51 ms, found 5 plugins.
Unloading 65 Unused Serialized files (Serialized files now loaded: 0)
Curl error 3: URL rejected: Malformed input to a URL function
Unloading 10510 unused Assets / (24.4 MB). Loaded Objects now: 11502.
Memory consumption went from 503.7 MB to 479.3 MB.
Total: 38.293200 ms (FindLiveObjects: 1.810300 ms CreateObjectMapping: 2.129900 ms MarkObjects: 23.630400 ms  DeleteObjects: 10.423700 ms)

========================================================================
Received Import Request.
  Time of request: 2026-09-01T20:59:08.429933Z
  Time since last request: 171488.75740569998743 seconds.
  importAddress: GUID: 6a1143ee683302f4aa628c052723efc1 - Path: Packages/com.unity.render-pipelines.universal/Runtime/Materials/SimpleLit.mat - Importer: PreviewImporter
Importing 'GUID: 6a1143ee683302f4aa628c052723efc1 - Path: Packages/com.unity.render-pipelines.universal/Runtime/Materials/SimpleLit.mat - Importer: PreviewImporter' with importer (PreviewImporter)
Imported 'GUID: 6a1143ee683302f4aa628c052723efc1' -> (Import Result ID: 'e6d411779d120dfbe40efc1d6d214b31') in 6.326 seconds [static and dynamic dependencies]. Details - ImportResultOutputID=d7fd3729a01bcefeb91e68d956b06a09 DependenciesID=7e6a649ed4e0ccd471a9ee415e5927bc StaticDependenciesID=7e0b41711e4cbe044bd1c67ded10fd10 
Number of updated asset objects reloaded before import = 0
Number of asset objects unloaded after import = 2
========================================================================
Received Import Request.
  Time of request: 2026-09-01T20:59:14.7837224Z
  Time since last request: 0.0000728 seconds.
  importAddress: GUID: b28fa67a0ff82c5478f27368dc627683 - Path: Packages/com.unity.render-pipelines.core/Runtime/RenderPipelineResources/Mesh/SamplesFixture.fbx - Importer: PreviewImporter
Importing 'GUID: b28fa67a0ff82c5478f27368dc627683 - Path: Packages/com.unity.render-pipelines.core/Runtime/RenderPipelineResources/Mesh/SamplesFixture.fbx - Importer: PreviewImporter' with importer (PreviewImporter)
Imported 'GUID: b28fa67a0ff82c5478f27368dc627683' -> (Import Result ID: '7c39f47e4633452aecd9b8a3ac02df8c') in 0.435 seconds [static and dynamic dependencies]. Details - ImportResultOutputID=0d69ba6cda989f795077d042c3054850 DependenciesID=c223cc4e6e6d715ee51654449f7bbdb0 StaticDependenciesID=df558ee73b1b53fbb36c6f76c0b0f0f7 
Number of updated asset objects reloaded before import = 0
Number of asset objects unloaded after import = 10
========================================================================
Received Import Request.
  Time of request: 2026-09-01T20:59:15.2438212Z
  Time since last request: 0.0000737 seconds.
  importAddress: GUID: fb6390f650ca44a5ba3246d8dda47927 - Path: Packages/com.unity.render-pipelines.universal/Shaders/FullscreenInvertColors.shadergraph - Importer: PreviewImporter
Importing 'GUID: fb6390f650ca44a5ba3246d8dda47927 - Path: Packages/com.unity.render-pipelines.universal/Shaders/FullscreenInvertColors.shadergraph - Importer: PreviewImporter' with importer (PreviewImporter)
Imported 'GUID: fb6390f650ca44a5ba3246d8dda47927' -> (Import Result ID: 'e83989687702ef19c01c898e156d323c') in 0.565 seconds [static and dynamic dependencies]. Details - ImportResultOutputID=8f63ed9148cd477fc84922d09575a945 DependenciesID=98a298d4a43d7b7a3061a3fa9f9af61e StaticDependenciesID=deaf2c2f06e2e5a5bf7a07cb63e50564 
Number of updated asset objects reloaded before import = 0
Number of asset objects unloaded after import = 2
========================================================================
Received Import Request.
  Time of request: 2026-09-01T20:59:15.8286123Z
  Time since last request: 0.0016079 seconds.
  importAddress: GUID: 15aa0fee36d624e02b529759fbbed1af - Path: Packages/com.unity.dt.app-ui/Editor/Editor Default Resources/Fonts/RobotoMono-Regular.ttf - Importer: PreviewImporter
Importing 'GUID: 15aa0fee36d624e02b529759fbbed1af - Path: Packages/com.unity.dt.app-ui/Editor/Editor Default Resources/Fonts/RobotoMono-Regular.ttf - Importer: PreviewImporter' with importer (PreviewImporter)
Imported 'GUID: 15aa0fee36d624e02b529759fbbed1af' -> (Import Result ID: '34a96e26b34e23aebcf18615d76fb777') in 0.079 seconds [static and dynamic dependencies]. Details - ImportResultOutputID=1ebf5c0fe81b47a64cccd8f38c6885b2 DependenciesID=c18a7885a6b3353231d7745814e95195 StaticDependenciesID=24d588a95623a3f2424f475024ba8258 
Number of updated asset objects reloaded before import = 0
Number of asset objects unloaded after import = 4
========================================================================
Received Import Request.
  Time of request: 2026-09-01T20:59:15.9321167Z
  Time since last request: 0.0000661 seconds.
  importAddress: GUID: 7ef2cf71ad164fe479662ae612dff99e - Path: Packages/com.unity.shadergraph/GraphTemplates/Custom Render Texture.shadergraph - Importer: PreviewImporter
Importing 'GUID: 7ef2cf71ad164fe479662ae612dff99e - Path: Packages/com.unity.shadergraph/GraphTemplates/Custom Render Texture.shadergraph - Importer: PreviewImporter' with importer (PreviewImporter)
Imported 'GUID: 7ef2cf71ad164fe479662ae612dff99e' -> (Import Result ID: '4daa835ecc32a5b02d9c96aa2e4ef55a') in 0.164 seconds [static and dynamic dependencies]. Details - ImportResultOutputID=b1c33b1b49164258b5e89c3c6d544d7d DependenciesID=5786716deeb8a316fe168fdfffb135f8 StaticDependenciesID=720cb910c5cace62b252e39e3f990054 
Number of updated asset objects reloaded before import = 0
Number of asset objects unloaded after import = 2
========================================================================
Received Import Request.
  Time of request: 2026-09-01T20:59:16.1191494Z
  Time since last request: 0.0026894 seconds.
  importAddress: GUID: 80aa867ac363ac043847b06ad71604cd - Path: Packages/com.unity.render-pipelines.universal/Shaders/AutodeskInteractive/AutodeskInteractiveMasked.shadergraph - Importer: PreviewImporter
Importing 'GUID: 80aa867ac363ac043847b06ad71604cd - Path: Packages/com.unity.render-pipelines.universal/Shaders/AutodeskInteractive/AutodeskInteractiveMasked.shadergraph - Importer: PreviewImporter' with importer (PreviewImporter)
Imported 'GUID: 80aa867ac363ac043847b06ad71604cd' -> (Import Result ID: 'e59c0ec0a493e9bf121f296258d269d8') in 6.897 seconds [static and dynamic dependencies]. Details - ImportResultOutputID=4c076bca8dc8b000ef8515629d9f37ce DependenciesID=d34f68971fd69d136acd93658674eaac StaticDependenciesID=939244561ef625078773d1a3006fcde8 
Number of updated asset objects reloaded before import = 0
Number of asset objects unloaded after import = 6
========================================================================
Received Import Request.
  Time of request: 2026-09-01T20:59:23.0409858Z
  Time since last request: 0.0012167 seconds.
  importAddress: GUID: 4f1ef37ae953c484bbc5d5e4049147e5 - Path: Packages/com.unity.render-pipelines.universal/Editor/SceneTemplates/Materials/Black.mat - Importer: PreviewImporter
Importing 'GUID: 4f1ef37ae953c484bbc5d5e4049147e5 - Path: Packages/com.unity.render-pipelines.universal/Editor/SceneTemplates/Materials/Black.mat - Importer: PreviewImporter' with importer (PreviewImporter)
Imported 'GUID: 4f1ef37ae953c484bbc5d5e4049147e5' -> (Import Result ID: '1521b0eb13bb8b25fabf42258e0b3a09') in 0.018 seconds [static and dynamic dependencies]. Details - ImportResultOutputID=c1a91c201ea00c552261de7bf128ef1e DependenciesID=14af6792b6e0cb49053c3344685f48a2 StaticDependenciesID=25b85e5440946b1f9a920639b65daf86 
Number of updated asset objects reloaded before import = 0
Number of asset objects unloaded after import = 2
========================================================================
Received Import Request.
  Time of request: 2026-09-01T20:59:23.079047Z
  Time since last request: 0.0024984 seconds.
  importAddress: GUID: def488a52add6574d9f295a507032cb8 - Path: Packages/com.unity.shadergraph/GraphTemplates/Cross Pipeline/Terrain Simple.shadergraph - Importer: PreviewImporter
Importing 'GUID: def488a52add6574d9f295a507032cb8 - Path: Packages/com.unity.shadergraph/GraphTemplates/Cross Pipeline/Terrain Simple.shadergraph - Importer: PreviewImporter' with importer (PreviewImporter)
Imported 'GUID: def488a52add6574d9f295a507032cb8' -> (Import Result ID: 'e8dde07b0636c028c511bdd78b3ed418') in 6.315 seconds [static and dynamic dependencies]. Details - ImportResultOutputID=f7a74628567ed75a988a453cb31ba83a DependenciesID=513b86e433d96b5b8d97df95cef76022 StaticDependenciesID=901e4bff19a75cc47d4c86286a081bb2 
Number of updated asset objects reloaded before import = 0
Number of asset objects unloaded after import = 4
========================================================================
Received Import Request.
  Time of request: 2026-09-01T20:59:29.4192142Z
  Time since last request: 0.0008261 seconds.
  importAddress: GUID: a51a3aebb43ac044989270407476b208 - Path: Packages/com.unity.searcher/Editor/Resources/FlatSkin/Font/Roboto-Medium.ttf - Importer: PreviewImporter
Importing 'GUID: a51a3aebb43ac044989270407476b208 - Path: Packages/com.unity.searcher/Editor/Resources/FlatSkin/Font/Roboto-Medium.ttf - Importer: PreviewImporter' with importer (PreviewImporter)
Imported 'GUID: a51a3aebb43ac044989270407476b208' -> (Import Result ID: '4797104e6651f3ffb13333cce2280d16') in 0.029 seconds [static and dynamic dependencies]. Details - ImportResultOutputID=4245a38ddefb6cb4225d14bc0a24588c DependenciesID=faa4eb49badd94cd0670e6b995fa7765 StaticDependenciesID=384a92ee7b9cb7609d229ea8d53a875a 
Number of updated asset objects reloaded before import = 0
Number of asset objects unloaded after import = 4
========================================================================
Received Import Request.
  Time of request: 2026-09-01T20:59:29.4676531Z
  Time since last request: 0.0023598 seconds.
  importAddress: GUID: 9b4e681081e2b4c469111bb649e2f7ee - Path: Packages/com.unity.render-pipelines.universal/Shaders/Decal.shadergraph - Importer: PreviewImporter
Importing 'GUID: 9b4e681081e2b4c469111bb649e2f7ee - Path: Packages/com.unity.render-pipelines.universal/Shaders/Decal.shadergraph - Importer: PreviewImporter' with importer (PreviewImporter)
Imported 'GUID: 9b4e681081e2b4c469111bb649e2f7ee' -> (Import Result ID: 'b20bd41f1093980ce21d0a8a2e3844a3') in 0.018 seconds [static and dynamic dependencies]. Details - ImportResultOutputID=86ac05476f0f073584742046fe7ceeaf DependenciesID=c0d766b2b414b47ed0d8fe15101f7636 StaticDependenciesID=76d231d1b1785fd81cdeb82c3063fb16 
Number of updated asset objects reloaded before import = 0
Number of asset objects unloaded after import = 2
========================================================================
Received Import Request.
  Time of request: 2026-09-01T20:59:29.5040139Z
  Time since last request: 0.0014178 seconds.
  importAddress: GUID: 124c112a6e8f1a54e8b0870e881b56d8 - Path: Assets/TextMesh Pro/Shaders/TMP_SDF-URP Unlit.shadergraph - Importer: PreviewImporter
Importing 'GUID: 124c112a6e8f1a54e8b0870e881b56d8 - Path: Assets/TextMesh Pro/Shaders/TMP_SDF-URP Unlit.shadergraph - Importer: PreviewImporter' with importer (PreviewImporter)
Imported 'GUID: 124c112a6e8f1a54e8b0870e881b56d8' -> (Import Result ID: 'bbc8bdc6c597495d0ebf404c02d783a7') in 0.833 seconds [static and dynamic dependencies]. Details - ImportResultOutputID=ad8631aa4e05b1df590c46d7afc2108f DependenciesID=766931f20b6da475756a574ccc1c50a0 StaticDependenciesID=2434ea461a8516aef0394d9f8e449bd5 
Number of updated asset objects reloaded before import = 0
Number of asset objects unloaded after import = 3
========================================================================
Received Import Request.
  Time of request: 2026-09-01T20:59:30.3552818Z
  Time since last request: 0.0005836 seconds.
  importAddress: GUID: 8c9d11570d1ef4f4cbeb28d1c7e6b763 - Path: Packages/com.unity.dt.app-ui/PackageResources/Fonts/Inter-SemiBold.ttf - Importer: PreviewImporter
Importing 'GUID: 8c9d11570d1ef4f4cbeb28d1c7e6b763 - Path: Packages/com.unity.dt.app-ui/PackageResources/Fonts/Inter-SemiBold.ttf - Importer: PreviewImporter' with importer (PreviewImporter)
Imported 'GUID: 8c9d11570d1ef4f4cbeb28d1c7e6b763' -> (Import Result ID: '90fa612be83b9407c1f5b42352486754') in 0.023 seconds [static and dynamic dependencies]. Details - ImportResultOutputID=3ad40fac29ab9c0704fe9ca032baa69d DependenciesID=050db519c189361afa91275dff4d3afa StaticDependenciesID=bac08a16314508df9d329f1149139b03 
Number of updated asset objects reloaded before import = 0
Number of asset objects unloaded after import = 4
========================================================================
Received Import Request.
  Time of request: 2026-09-01T20:59:30.4014328Z
  Time since last request: 0.0026017 seconds.
  importAddress: GUID: 30dc370b164eefc43b95744fc796dad0 - Path: Packages/com.unity.searcher/Editor/Resources/FlatSkin/Font/Roboto-Regular.ttf - Importer: PreviewImporter
Importing 'GUID: 30dc370b164eefc43b95744fc796dad0 - Path: Packages/com.unity.searcher/Editor/Resources/FlatSkin/Font/Roboto-Regular.ttf - Importer: PreviewImporter' with importer (PreviewImporter)
Imported 'GUID: 30dc370b164eefc43b95744fc796dad0' -> (Import Result ID: 'f801161c53a1fa1d6312521f8a4a3e37') in 0.026 seconds [static and dynamic dependencies]. Details - ImportResultOutputID=7cf5bc0d56b3b65e4555cce8c5dc5209 DependenciesID=4e0f371c74e9aa2e9a88cfd91a89e078 StaticDependenciesID=e00d641147b18c32f9d58e2e563154da 
Number of updated asset objects reloaded before import = 0
Number of asset objects unloaded after import = 4
========================================================================
Received Import Request.
  Time of request: 2026-09-01T20:59:30.4441784Z
  Time since last request: 0.0015758 seconds.
  importAddress: GUID: 25a0ebb4827f3cc47a1af2c79005f65b - Path: Packages/com.unity.render-pipelines.universal/Editor/ShaderGraph/GraphTemplates/2D/1_2D Sprite Unlit.shadergraph - Importer: PreviewImporter
Importing 'GUID: 25a0ebb4827f3cc47a1af2c79005f65b - Path: Packages/com.unity.render-pipelines.universal/Editor/ShaderGraph/GraphTemplates/2D/1_2D Sprite Unlit.shadergraph - Importer: PreviewImporter' with importer (PreviewImporter)
Imported 'GUID: 25a0ebb4827f3cc47a1af2c79005f65b' -> (Import Result ID: '0953f75ea1ea9ef097fafca9a378d198') in 0.307 seconds [static and dynamic dependencies]. Details - ImportResultOutputID=5a974f5e8d327506daada5ae2dad3439 DependenciesID=87749a48da83c884d5562f7f9a934ed5 StaticDependenciesID=d0eada63a82edb6338419d8f5e6fc16b 
Number of updated asset objects reloaded before import = 0
Number of asset objects unloaded after import = 2
========================================================================
Received Import Request.
  Time of request: 2026-09-01T20:59:30.7720595Z
  Time since last request: 0.0020274 seconds.
  importAddress: GUID: f63d574838ccfb44f84acc05fed0af48 - Path: Assets/TextMesh Pro/Shaders/TMP_SDF-HDRP UNLIT.shadergraph - Importer: PreviewImporter
Importing 'GUID: f63d574838ccfb44f84acc05fed0af48 - Path: Assets/TextMesh Pro/Shaders/TMP_SDF-HDRP UNLIT.shadergraph - Importer: PreviewImporter' with importer (PreviewImporter)
Imported 'GUID: f63d574838ccfb44f84acc05fed0af48' -> (Import Result ID: 'e5d2773d59e3e0421c9e4a16fd46f390') in 0.029 seconds [static and dynamic dependencies]. Details - ImportResultOutputID=c1892f780bf138692920504aaf7f10ac DependenciesID=fb4662dfc408562c6d2580d11e709b5d StaticDependenciesID=b3d0687ebb7e326e12baa6f823176479 
Number of updated asset objects reloaded before import = 0
Number of asset objects unloaded after import = 2
========================================================================
Received Import Request.
  Time of request: 2026-09-01T20:59:30.8185824Z
  Time since last request: 0.0013193 seconds.
  importAddress: GUID: 2a29e27936eb547458f646f71125b264 - Path: Packages/com.unity.searcher/Editor/Resources/FlatSkin/Font/Roboto-Light.ttf - Importer: PreviewImporter
Importing 'GUID: 2a29e27936eb547458f646f71125b264 - Path: Packages/com.unity.searcher/Editor/Resources/FlatSkin/Font/Roboto-Light.ttf - Importer: PreviewImporter' with importer (PreviewImporter)
Imported 'GUID: 2a29e27936eb547458f646f71125b264' -> (Import Result ID: '5c6444a62f806439177c376cf9b11934') in 0.027 seconds [static and dynamic dependencies]. Details - ImportResultOutputID=9a9ab3fcb97b0e92f95a192ed5aacd85 DependenciesID=59de0bbec61f83cdce4064592fb1cef8 StaticDependenciesID=f2d609909bbae4a08a07a5341e539153 
Number of updated asset objects reloaded before import = 0
Number of asset objects unloaded after import = 4
========================================================================
Received Import Request.
  Time of request: 2026-09-01T20:59:30.8662424Z
  Time since last request: 0.001811 seconds.
  importAddress: GUID: 3739e562a03fc0b4982d8aa66cc50865 - Path: Packages/com.unity.render-pipelines.universal/Runtime/Materials/ArnoldStandardSurface/ArnoldStandardSurface.shadergraph - Importer: PreviewImporter
Importing 'GUID: 3739e562a03fc0b4982d8aa66cc50865 - Path: Packages/com.unity.render-pipelines.universal/Runtime/Materials/ArnoldStandardSurface/ArnoldStandardSurface.shadergraph - Importer: PreviewImporter' with importer (PreviewImporter)
Imported 'GUID: 3739e562a03fc0b4982d8aa66cc50865' -> (Import Result ID: '5dbfd7b854cb57c2128859b53d36fa94') in 5.440 seconds [static and dynamic dependencies]. Details - ImportResultOutputID=8a256578b46281bc28c76b1389dd45d3 DependenciesID=a40e6d5d404a2c143b5f3cee54dbe5a3 StaticDependenciesID=69ef9152bc74e5c5fa73b13a3207826e 
Number of updated asset objects reloaded before import = 0
Number of asset objects unloaded after import = 6
========================================================================
Received Import Request.
  Time of request: 2026-09-01T20:59:36.3269714Z
  Time since last request: 0.0014126 seconds.
  importAddress: GUID: bfad0aba0faa90547b68abd10bb6be86 - Path: Packages/com.unity.render-pipelines.universal/Editor/ShaderGraph/GraphTemplates/2D/2_2D Sprite Custom Lit.shadergraph - Importer: PreviewImporter
Importing 'GUID: bfad0aba0faa90547b68abd10bb6be86 - Path: Packages/com.unity.render-pipelines.universal/Editor/ShaderGraph/GraphTemplates/2D/2_2D Sprite Custom Lit.shadergraph - Importer: PreviewImporter' with importer (PreviewImporter)
Imported 'GUID: bfad0aba0faa90547b68abd10bb6be86' -> (Import Result ID: '5c2899a801d58464ee0173ad0a6b9add') in 0.352 seconds [static and dynamic dependencies]. Details - ImportResultOutputID=e6c8e50d0270912ebd74bfe783c07fc6 DependenciesID=06d645f30e59eb632751e5026b8b467b StaticDependenciesID=6c0f1b99ce326640b047e53242df973f 
Number of updated asset objects reloaded before import = 0
Number of asset objects unloaded after import = 2
========================================================================
Received Import Request.
  Time of request: 2026-09-01T20:59:36.6980939Z
  Time since last request: 0.000616 seconds.
  importAddress: GUID: d7288f66e4fb0634c9afef98c31b722a - Path: Packages/com.unity.render-pipelines.universal/Shaders/2D/VFXSpriteUnlit.shadergraph - Importer: PreviewImporter
Importing 'GUID: d7288f66e4fb0634c9afef98c31b722a - Path: Packages/com.unity.render-pipelines.universal/Shaders/2D/VFXSpriteUnlit.shadergraph - Importer: PreviewImporter' with importer (PreviewImporter)
Imported 'GUID: d7288f66e4fb0634c9afef98c31b722a' -> (Import Result ID: '2153e02df34b99a05aa158b251d0f045') in 0.303 seconds [static and dynamic dependencies]. Details - ImportResultOutputID=62267bad5730deb1ee787ef0cc7c8be6 DependenciesID=5954038069635a0660feececfc04ac8b StaticDependenciesID=b7eb6fb1663bb9871cd30112fd48b2d8 
Number of updated asset objects reloaded before import = 0
Number of asset objects unloaded after import = 2
========================================================================
Received Import Request.
  Time of request: 2026-09-01T20:59:37.0201616Z
  Time since last request: 0.0009527 seconds.
  importAddress: GUID: 92f845725428c954b878da352f657fe5 - Path: Packages/com.unity.render-pipelines.universal/Editor/SceneTemplates/Materials/Emissive.mat - Importer: PreviewImporter
Importing 'GUID: 92f845725428c954b878da352f657fe5 - Path: Packages/com.unity.render-pipelines.universal/Editor/SceneTemplates/Materials/Emissive.mat - Importer: PreviewImporter' with importer (PreviewImporter)
Imported 'GUID: 92f845725428c954b878da352f657fe5' -> (Import Result ID: '500093ca89fa5605239809dfd9d2d96f') in 5.539 seconds [static and dynamic dependencies]. Details - ImportResultOutputID=961eb262f6076ef871ad4b85f0c2c18c DependenciesID=3a567bd24c46ef8b2f303597d797a2c2 StaticDependenciesID=1b5943f361891d8726d24ecc7a64c55e 
Number of updated asset objects reloaded before import = 0
Number of asset objects unloaded after import = 2
========================================================================
Received Import Request.
  Time of request: 2026-09-01T20:59:42.579327Z
  Time since last request: 0.0027234 seconds.
  importAddress: GUID: 9229ae5dbc38f488d921156ff75869e9 - Path: Packages/com.unity.collab-proxy/Editor/Assets/Fonts/Cascadia.ttf - Importer: PreviewImporter
Importing 'GUID: 9229ae5dbc38f488d921156ff75869e9 - Path: Packages/com.unity.collab-proxy/Editor/Assets/Fonts/Cascadia.ttf - Importer: PreviewImporter' with importer (PreviewImporter)
Imported 'GUID: 9229ae5dbc38f488d921156ff75869e9' -> (Import Result ID: 'ed3a8ed17f340bc31ac3bd28f6de51be') in 0.035 seconds [static and dynamic dependencies]. Details - ImportResultOutputID=df0f449af45b0edfe4c72775e7a0b588 DependenciesID=64b12fe49a29e0fcdc0c1b6e46b9a4fd StaticDependenciesID=f10dd4fb428a937eac0b21cfdbffa28d 
Number of updated asset objects reloaded before import = 0
Number of asset objects unloaded after import = 4
========================================================================
Received Import Request.
  Time of request: 2026-09-01T20:59:42.6392273Z
  Time since last request: 0.0018235 seconds.
  importAddress: GUID: b2ea3b3f1765e544b9eb5bd1a93a91ce - Path: Packages/com.unity.searcher/Editor/Resources/FlatSkin/Font/Roboto-ThinItalic.ttf - Importer: PreviewImporter
Importing 'GUID: b2ea3b3f1765e544b9eb5bd1a93a91ce - Path: Packages/com.unity.searcher/Editor/Resources/FlatSkin/Font/Roboto-ThinItalic.ttf - Importer: PreviewImporter' with importer (PreviewImporter)
Imported 'GUID: b2ea3b3f1765e544b9eb5bd1a93a91ce' -> (Import Result ID: '99805d915cfa94cc1049d069e97c4db8') in 0.041 seconds [static and dynamic dependencies]. Details - ImportResultOutputID=22cac67e4b13489eb351f59da76a1027 DependenciesID=9ce11191ab3036fefd90a3ff477df435 StaticDependenciesID=5cec895830a042bf104e4333d85d7b76 
Number of updated asset objects reloaded before import = 0
Number of asset objects unloaded after import = 4
========================================================================
Received Import Request.
  Time of request: 2026-09-01T20:59:42.7011127Z
  Time since last request: 0.0013687 seconds.
  importAddress: GUID: a680d9a9f8b66514abbfd3ae1c8f77f7 - Path: Packages/com.unity.shadergraph/GraphTemplates/Cross Pipeline/2_Particle Lit.shadergraph - Importer: PreviewImporter
Importing 'GUID: a680d9a9f8b66514abbfd3ae1c8f77f7 - Path: Packages/com.unity.shadergraph/GraphTemplates/Cross Pipeline/2_Particle Lit.shadergraph - Importer: PreviewImporter' with importer (PreviewImporter)
Imported 'GUID: a680d9a9f8b66514abbfd3ae1c8f77f7' -> (Import Result ID: 'c652e5fa73bab5778efb70982daab3d7') in 4.985 seconds [static and dynamic dependencies]. Details - ImportResultOutputID=73a869b6708377b938f11471f6eb7b7c DependenciesID=4c7edd01145ad80b862c9f97bf33c59c StaticDependenciesID=2e12268ba693887eebfbf615a6230db5 
Number of updated asset objects reloaded before import = 0
Number of asset objects unloaded after import = 10
========================================================================
Received Prepare
AcceleratorClientConnectionCallback - disconnected - :0
[Licensing::Client] Successfully resolved entitlement details
Begin MonoManager ReloadAssembly
Symbol file LoadedFromMemory is not a mono symbol file
Symbol file LoadedFromMemory is not a mono symbol file
Refreshing native plugins compatible for Editor in 17.90 ms, found 5 plugins.
Native extension for WindowsStandalone target not found
Native extension for WebGL target not found
[Package Manager] Failed to launch server process. Reason: Unity was launched with the -noUpm command-line argument
[Package Manager] Unable to send message (not connected to server process).
[Package Manager] Cannot connect to Unity Package Manager local server
Refreshing native plugins compatible for Editor in 12.74 ms, found 5 plugins.
[Package Manager] Failed to launch server process. Reason: Unity was launched with the -noUpm command-line argument
[Package Manager] Unable to send message (not connected to server process).
[Package Manager] Cannot connect to Unity Package Manager local server
[Licensing::Client] Error: Code 404 while processing request (status: Found 0 entitlement groups and 0 free entitlements matching requested entitlement ids)
ScheduleIndexationOnStartup MainProcess:False IndexOnStartup:True
Mono: successfully reloaded assembly
- Finished resetting the current domain, in  4.574 seconds
Domain Reload Profiling: 9046ms
	BeginReloadAssembly (707ms)
		DisableScriptedObjects (36ms)
		CreateAndSetChildDomain (249ms)
	RebuildCommonClasses (16ms)
	RebuildNativeTypeToScriptingClass (34ms)
	initialDomainReloadingComplete (367ms)
	LoadAllAssembliesAndSetupDomain (3346ms)
		LoadAssemblies (1975ms)
		AnalyzeDomain (1304ms)
			TypeCache.Refresh (81ms)
			BuildScriptInfoCaches (1178ms)
			ResolveRequiredComponents (13ms)
	FinalizeReload (4576ms)
		SetupLoadedEditorAssemblies (0ms)
			InitializePlatformSupportModulesInManaged (6ms)
			BeforeProcessingInitializeOnLoad (305ms)
			ProcessInitializeOnLoadAttributes (2301ms)
			ProcessInitializeOnLoadMethodAttributes (843ms)
			AfterProcessingInitializeOnLoad (19ms)
		AwakeInstancesAfterBackupRestoration (40ms)
Refreshing native plugins compatible for Editor in 12.19 ms, found 5 plugins.
Unloading 65 Unused Serialized files (Serialized files now loaded: 0)
Unloading 10506 unused Assets / (14.1 MB). Loaded Objects now: 11618.
Memory consumption went from 510.7 MB to 496.6 MB.
Total: 182.259100 ms (FindLiveObjects: 103.716300 ms CreateObjectMapping: 24.604200 ms MarkObjects: 41.735000 ms  DeleteObjects: 11.950000 ms)

Prepare: number of updated asset objects reloaded= 0
Editor requested this worker to shutdown with reason: Scaling down because of idle timeout
AcceleratorClientConnectionCallback - disconnected - :0
AssetImportWorker is now disconnected from the server
Process exiting
Exiting without the bug reporter. Application will terminate with return code 0